
> portfolio-ai@0.0.0 build
> vite build

[36mvite v5.4.21 [32mbuilding for production...[36m[39m
transforming...
[32mΓ£ô[39m 2748 modules transformed.
rendering chunks...
computing gzip size...
[2mdist/[22m[32mindex.html                 [39m[1m[2m    0.48 kB[22m[1m[22m[2m Γöé gzip:   0.32 kB[22m
[2mdist/[22m[35massets/index-DnfGu2-Y.css  [39m[1m[2m   26.52 kB[22m[1m[22m[2m Γöé gzip:   5.18 kB[22m
[2mdist/[22m[36massets/index-CIvT2YLe.js   [39m[1m[33m1,233.05 kB[39m[22m[2m Γöé gzip: 354.31 kB[22m
node.exe : [33m
At line:1 char:1
+ & "C:\Program 
Files\nodejs/node.exe" 
"C:\Users\unkno\AppData
\Roaming\ ...
+ ~~~~~~~~~~~~~~~~~~~~~
~~~~~~~~~~~~~~~~~~~~~~~
~~~~~~~~~~~~~~~~~~~~~~~
~~
    + CategoryInfo     
         : NotSpecifi  
  ed: ([33m:String)   
  [], RemoteExcepti    
on
    + FullyQualifiedEr 
   rorId : NativeComm  
  andError
 
(!) Some chunks are 
larger than 500 kB 
after minification. 
Consider:
- Using dynamic 
import() to code-split 
the application
- Use build.rollupOptio
ns.output.manualChunks 
to improve chunking: ht
tps://rollupjs.org/conf
iguration-options/#outp
ut-manualchunks
- Adjust chunk size 
limit for this warning 
via build.chunkSizeWarn
ingLimit.[39m
[32mΓ£ô built in 11.34s[39m
